[2026-06-01T14:18:57.168Z] Supabase: URL present ✓  |  Service role key present ✓  |  Bucket: product-images
[2026-06-01T14:18:57.171Z] Pipeline start: 35 product(s) | model=gpt-image-1 | dry-run=false | upload=true | update-db=true
[2026-06-01T14:18:57.171Z] Output: raw → output/raw/  |  processed → output/processed/
[2026-06-01T14:18:57.173Z] [1/35] caesar-hearts-lettuce: prompt built
[2026-06-01T14:18:57.174Z] [1/35] caesar-hearts-lettuce: calling gpt-image-1...
[2026-06-01T14:19:31.687Z] [1/35] caesar-hearts-lettuce: image received (1427 KB)
[2026-06-01T14:19:31.693Z] [1/35] caesar-hearts-lettuce: raw saved → output\raw\caesar-hearts-lettuce.png
[2026-06-01T14:19:31.693Z] [1/35] caesar-hearts-lettuce: removing background...
[2026-06-01T14:19:31.981Z] [1/35] caesar-hearts-lettuce: background removed (1306 KB)
[2026-06-01T14:19:31.986Z] [1/35] caesar-hearts-lettuce: processed saved → output\processed\caesar-hearts-lettuce.png
[2026-06-01T14:19:31.987Z] [1/35] caesar-hearts-lettuce: uploading to Supabase...
[2026-06-01T14:19:35.094Z] [1/35] caesar-hearts-lettuce: uploaded → https://czcldqhfshtoypkguist.supabase.co/storage/v1/object/public/product-images/caesar-hearts-lettuce.png
[2026-06-01T14:19:35.094Z] [1/35] caesar-hearts-lettuce: updating DB (id=null)...
[2026-06-01T14:19:36.147Z] ERROR: caesar-hearts-lettuce: DB update failed: invalid input syntax for type uuid: "null"
[2026-06-01T14:19:36.754Z] [2/35] lalik-lettuce: prompt built
[2026-06-01T14:19:36.754Z] [2/35] lalik-lettuce: calling gpt-image-1...
[2026-06-01T14:20:10.930Z] [2/35] lalik-lettuce: image received (1517 KB)
[2026-06-01T14:20:10.934Z] [2/35] lalik-lettuce: raw saved → output\raw\lalik-lettuce.png
[2026-06-01T14:20:10.935Z] [2/35] lalik-lettuce: removing background...
[2026-06-01T14:20:11.199Z] [2/35] lalik-lettuce: background removed (1243 KB)
[2026-06-01T14:20:11.201Z] [2/35] lalik-lettuce: processed saved → output\processed\lalik-lettuce.png
[2026-06-01T14:20:11.202Z] [2/35] lalik-lettuce: uploading to Supabase...
[2026-06-01T14:20:15.270Z] [2/35] lalik-lettuce: uploaded → https://czcldqhfshtoypkguist.supabase.co/storage/v1/object/public/product-images/lalik-lettuce.png
[2026-06-01T14:20:15.271Z] [2/35] lalik-lettuce: updating DB (id=null)...
[2026-06-01T14:20:16.237Z] ERROR: lalik-lettuce: DB update failed: invalid input syntax for type uuid: "null"
[2026-06-01T14:20:16.843Z] [3/35] alfalfa-sprouts: prompt built
[2026-06-01T14:20:16.843Z] [3/35] alfalfa-sprouts: calling gpt-image-1...
[2026-06-01T14:20:53.783Z] [3/35] alfalfa-sprouts: image received (1428 KB)
[2026-06-01T14:20:53.787Z] [3/35] alfalfa-sprouts: raw saved → output\raw\alfalfa-sprouts.png
[2026-06-01T14:20:53.787Z] [3/35] alfalfa-sprouts: removing background...
[2026-06-01T14:20:54.035Z] [3/35] alfalfa-sprouts: background removed (1076 KB)
[2026-06-01T14:20:54.039Z] [3/35] alfalfa-sprouts: processed saved → output\processed\alfalfa-sprouts.png
[2026-06-01T14:20:54.039Z] [3/35] alfalfa-sprouts: uploading to Supabase...
[2026-06-01T14:20:58.973Z] [3/35] alfalfa-sprouts: uploaded → https://czcldqhfshtoypkguist.supabase.co/storage/v1/object/public/product-images/alfalfa-sprouts.png
[2026-06-01T14:20:58.974Z] [3/35] alfalfa-sprouts: updating DB (id=null)...
[2026-06-01T14:20:59.866Z] ERROR: alfalfa-sprouts: DB update failed: invalid input syntax for type uuid: "null"
[2026-06-01T14:21:00.479Z] [4/35] spinach-leaves: prompt built
[2026-06-01T14:21:00.480Z] [4/35] spinach-leaves: calling gpt-image-1...
[2026-06-01T14:21:34.198Z] [4/35] spinach-leaves: image received (1664 KB)
[2026-06-01T14:21:34.202Z] [4/35] spinach-leaves: raw saved → output\raw\spinach-leaves.png
[2026-06-01T14:21:34.202Z] [4/35] spinach-leaves: removing background...
[2026-06-01T14:21:34.560Z] [4/35] spinach-leaves: background removed (1285 KB)
[2026-06-01T14:21:34.563Z] [4/35] spinach-leaves: processed saved → output\processed\spinach-leaves.png
[2026-06-01T14:21:34.563Z] [4/35] spinach-leaves: uploading to Supabase...
[2026-06-01T14:21:37.444Z] [4/35] spinach-leaves: uploaded → https://czcldqhfshtoypkguist.supabase.co/storage/v1/object/public/product-images/spinach-leaves.png
[2026-06-01T14:21:37.444Z] [4/35] spinach-leaves: updating DB (id=null)...
[2026-06-01T14:21:39.610Z] ERROR: spinach-leaves: DB update failed: invalid input syntax for type uuid: "null"
[2026-06-01T14:21:40.219Z] [5/35] parsley-root: prompt built
[2026-06-01T14:21:40.219Z] [5/35] parsley-root: calling gpt-image-1...
[2026-06-01T14:22:14.291Z] [5/35] parsley-root: image received (1445 KB)
[2026-06-01T14:22:14.295Z] [5/35] parsley-root: raw saved → output\raw\parsley-root.png
[2026-06-01T14:22:14.296Z] [5/35] parsley-root: removing background...
[2026-06-01T14:22:14.541Z] [5/35] parsley-root: background removed (1035 KB)
[2026-06-01T14:22:14.544Z] [5/35] parsley-root: processed saved → output\processed\parsley-root.png
[2026-06-01T14:22:14.544Z] [5/35] parsley-root: uploading to Supabase...
[2026-06-01T14:22:17.140Z] [5/35] parsley-root: uploaded → https://czcldqhfshtoypkguist.supabase.co/storage/v1/object/public/product-images/parsley-root.png
[2026-06-01T14:22:17.141Z] [5/35] parsley-root: updating DB (id=null)...
[2026-06-01T14:22:18.004Z] ERROR: parsley-root: DB update failed: invalid input syntax for type uuid: "null"
[2026-06-01T14:22:18.616Z] [6/35] black-radish: prompt built
[2026-06-01T14:22:18.617Z] [6/35] black-radish: calling gpt-image-1...
[2026-06-01T14:22:47.084Z] [6/35] black-radish: image received (1514 KB)
[2026-06-01T14:22:47.099Z] [6/35] black-radish: raw saved → output\raw\black-radish.png
[2026-06-01T14:22:47.099Z] [6/35] black-radish: removing background...
[2026-06-01T14:22:47.378Z] [6/35] black-radish: background removed (957 KB)
[2026-06-01T14:22:47.381Z] [6/35] black-radish: processed saved → output\processed\black-radish.png
[2026-06-01T14:22:47.381Z] [6/35] black-radish: uploading to Supabase...
[2026-06-01T14:22:50.129Z] [6/35] black-radish: uploaded → https://czcldqhfshtoypkguist.supabase.co/storage/v1/object/public/product-images/black-radish.png
[2026-06-01T14:22:50.129Z] [6/35] black-radish: updating DB (id=null)...
[2026-06-01T14:22:51.135Z] ERROR: black-radish: DB update failed: invalid input syntax for type uuid: "null"
[2026-06-01T14:22:51.738Z] [7/35] radish: prompt built
[2026-06-01T14:22:51.738Z] [7/35] radish: calling gpt-image-1...
[2026-06-01T14:23:22.519Z] [7/35] radish: image received (1500 KB)
[2026-06-01T14:23:22.523Z] [7/35] radish: raw saved → output\raw\radish.png
[2026-06-01T14:23:22.523Z] [7/35] radish: removing background...
[2026-06-01T14:23:22.794Z] [7/35] radish: background removed (1217 KB)
[2026-06-01T14:23:22.799Z] [7/35] radish: processed saved → output\processed\radish.png
[2026-06-01T14:23:22.800Z] [7/35] radish: uploading to Supabase...
[2026-06-01T14:23:25.569Z] [7/35] radish: uploaded → https://czcldqhfshtoypkguist.supabase.co/storage/v1/object/public/product-images/radish.png
[2026-06-01T14:23:25.569Z] [7/35] radish: updating DB (id=null)...
[2026-06-01T14:23:26.410Z] ERROR: radish: DB update failed: invalid input syntax for type uuid: "null"
[2026-06-01T14:23:27.020Z] [8/35] papaya: prompt built
[2026-06-01T14:23:27.020Z] [8/35] papaya: calling gpt-image-1...
[2026-06-01T14:23:58.319Z] [8/35] papaya: image received (1474 KB)
[2026-06-01T14:23:58.323Z] [8/35] papaya: raw saved → output\raw\papaya.png
[2026-06-01T14:23:58.323Z] [8/35] papaya: removing background...
[2026-06-01T14:23:58.578Z] [8/35] papaya: background removed (1459 KB)
[2026-06-01T14:23:58.581Z] [8/35] papaya: processed saved → output\processed\papaya.png
[2026-06-01T14:23:58.581Z] [8/35] papaya: uploading to Supabase...
[2026-06-01T14:24:01.564Z] [8/35] papaya: uploaded → https://czcldqhfshtoypkguist.supabase.co/storage/v1/object/public/product-images/papaya.png
[2026-06-01T14:24:01.564Z] [8/35] papaya: updating DB (id=null)...
[2026-06-01T14:24:02.390Z] ERROR: papaya: DB update failed: invalid input syntax for type uuid: "null"
[2026-06-01T14:24:02.999Z] [9/35] white-endive: prompt built
[2026-06-01T14:24:02.999Z] [9/35] white-endive: calling gpt-image-1...
[2026-06-01T14:24:34.840Z] [9/35] white-endive: image received (1457 KB)
[2026-06-01T14:24:34.856Z] [9/35] white-endive: raw saved → output\raw\white-endive.png
[2026-06-01T14:24:34.856Z] [9/35] white-endive: removing background...
[2026-06-01T14:24:35.153Z] [9/35] white-endive: background removed (1161 KB)
[2026-06-01T14:24:35.161Z] [9/35] white-endive: processed saved → output\processed\white-endive.png
[2026-06-01T14:24:35.161Z] [9/35] white-endive: uploading to Supabase...
[2026-06-01T14:24:38.035Z] [9/35] white-endive: uploaded → https://czcldqhfshtoypkguist.supabase.co/storage/v1/object/public/product-images/white-endive.png
[2026-06-01T14:24:38.036Z] [9/35] white-endive: updating DB (id=null)...
[2026-06-01T14:24:39.376Z] ERROR: white-endive: DB update failed: invalid input syntax for type uuid: "null"
[2026-06-01T14:24:39.987Z] [10/35] zucchini: prompt built
[2026-06-01T14:24:39.987Z] [10/35] zucchini: calling gpt-image-1...
[2026-06-01T14:25:13.957Z] [10/35] zucchini: image received (1760 KB)
[2026-06-01T14:25:13.972Z] [10/35] zucchini: raw saved → output\raw\zucchini.png
[2026-06-01T14:25:13.972Z] [10/35] zucchini: removing background...
[2026-06-01T14:25:14.220Z] [10/35] zucchini: background removed (1285 KB)
[2026-06-01T14:25:14.225Z] [10/35] zucchini: processed saved → output\processed\zucchini.png
[2026-06-01T14:25:14.225Z] [10/35] zucchini: uploading to Supabase...
[2026-06-01T14:25:15.648Z] [10/35] zucchini: uploaded → https://czcldqhfshtoypkguist.supabase.co/storage/v1/object/public/product-images/zucchini.png
[2026-06-01T14:25:15.649Z] [10/35] zucchini: updating DB (id=null)...
[2026-06-01T14:25:16.649Z] ERROR: zucchini: DB update failed: invalid input syntax for type uuid: "null"
[2026-06-01T14:25:17.262Z] [11/35] caesar-hearts-lettuce-mehadrin: prompt built
[2026-06-01T14:25:17.262Z] [11/35] caesar-hearts-lettuce-mehadrin: calling gpt-image-1...
[2026-06-01T14:25:53.075Z] [11/35] caesar-hearts-lettuce-mehadrin: image received (1362 KB)
[2026-06-01T14:25:53.078Z] [11/35] caesar-hearts-lettuce-mehadrin: raw saved → output\raw\caesar-hearts-lettuce-mehadrin.png
[2026-06-01T14:25:53.079Z] [11/35] caesar-hearts-lettuce-mehadrin: removing background...
[2026-06-01T14:25:53.404Z] [11/35] caesar-hearts-lettuce-mehadrin: background removed (1097 KB)
[2026-06-01T14:25:53.407Z] [11/35] caesar-hearts-lettuce-mehadrin: processed saved → output\processed\caesar-hearts-lettuce-mehadrin.png
[2026-06-01T14:25:53.408Z] [11/35] caesar-hearts-lettuce-mehadrin: uploading to Supabase...
[2026-06-01T14:25:55.339Z] [11/35] caesar-hearts-lettuce-mehadrin: uploaded → https://czcldqhfshtoypkguist.supabase.co/storage/v1/object/public/product-images/caesar-hearts-lettuce-mehadrin.png
[2026-06-01T14:25:55.339Z] [11/35] caesar-hearts-lettuce-mehadrin: updating DB (id=null)...
[2026-06-01T14:25:56.287Z] ERROR: caesar-hearts-lettuce-mehadrin: DB update failed: invalid input syntax for type uuid: "null"
[2026-06-01T14:25:56.896Z] [12/35] arabic-lettuce-mehadrin: prompt built
[2026-06-01T14:25:56.896Z] [12/35] arabic-lettuce-mehadrin: calling gpt-image-1...
[2026-06-01T14:26:28.636Z] [12/35] arabic-lettuce-mehadrin: image received (1411 KB)
[2026-06-01T14:26:28.650Z] [12/35] arabic-lettuce-mehadrin: raw saved → output\raw\arabic-lettuce-mehadrin.png
[2026-06-01T14:26:28.651Z] [12/35] arabic-lettuce-mehadrin: removing background...
[2026-06-01T14:26:28.933Z] [12/35] arabic-lettuce-mehadrin: background removed (1161 KB)
[2026-06-01T14:26:28.937Z] [12/35] arabic-lettuce-mehadrin: processed saved → output\processed\arabic-lettuce-mehadrin.png
[2026-06-01T14:26:28.937Z] [12/35] arabic-lettuce-mehadrin: uploading to Supabase...
[2026-06-01T14:26:31.836Z] [12/35] arabic-lettuce-mehadrin: uploaded → https://czcldqhfshtoypkguist.supabase.co/storage/v1/object/public/product-images/arabic-lettuce-mehadrin.png
[2026-06-01T14:26:31.836Z] [12/35] arabic-lettuce-mehadrin: updating DB (id=null)...
[2026-06-01T14:26:32.399Z] ERROR: arabic-lettuce-mehadrin: DB update failed: invalid input syntax for type uuid: "null"
[2026-06-01T14:26:33.012Z] [13/35] purple-cabbage-mehadrin: prompt built
[2026-06-01T14:26:33.013Z] [13/35] purple-cabbage-mehadrin: calling gpt-image-1...
[2026-06-01T14:27:10.452Z] [13/35] purple-cabbage-mehadrin: image received (1570 KB)
[2026-06-01T14:27:10.455Z] [13/35] purple-cabbage-mehadrin: raw saved → output\raw\purple-cabbage-mehadrin.png
[2026-06-01T14:27:10.456Z] [13/35] purple-cabbage-mehadrin: removing background...
[2026-06-01T14:27:10.726Z] [13/35] purple-cabbage-mehadrin: background removed (1526 KB)
[2026-06-01T14:27:10.729Z] [13/35] purple-cabbage-mehadrin: processed saved → output\processed\purple-cabbage-mehadrin.png
[2026-06-01T14:27:10.730Z] [13/35] purple-cabbage-mehadrin: uploading to Supabase...
[2026-06-01T14:27:13.739Z] [13/35] purple-cabbage-mehadrin: uploaded → https://czcldqhfshtoypkguist.supabase.co/storage/v1/object/public/product-images/purple-cabbage-mehadrin.png
[2026-06-01T14:27:13.739Z] [13/35] purple-cabbage-mehadrin: updating DB (id=null)...
[2026-06-01T14:27:16.256Z] ERROR: purple-cabbage-mehadrin: DB update failed: invalid input syntax for type uuid: "null"
[2026-06-01T14:27:16.860Z] [14/35] cherry-pack: prompt built
[2026-06-01T14:27:16.860Z] [14/35] cherry-pack: calling gpt-image-1...
[2026-06-01T14:27:46.236Z] [14/35] cherry-pack: image received (1390 KB)
[2026-06-01T14:27:46.240Z] [14/35] cherry-pack: raw saved → output\raw\cherry-pack.png
[2026-06-01T14:27:46.240Z] [14/35] cherry-pack: removing background...
[2026-06-01T14:27:46.516Z] [14/35] cherry-pack: background removed (901 KB)
[2026-06-01T14:27:46.519Z] [14/35] cherry-pack: processed saved → output\processed\cherry-pack.png
[2026-06-01T14:27:46.519Z] [14/35] cherry-pack: uploading to Supabase...
[2026-06-01T14:27:48.394Z] [14/35] cherry-pack: uploaded → https://czcldqhfshtoypkguist.supabase.co/storage/v1/object/public/product-images/cherry-pack.png
[2026-06-01T14:27:48.395Z] [14/35] cherry-pack: updating DB (id=null)...
[2026-06-01T14:27:49.464Z] ERROR: cherry-pack: DB update failed: invalid input syntax for type uuid: "null"
[2026-06-01T14:27:50.074Z] [15/35] orange-juice-1l: prompt built
[2026-06-01T14:27:50.074Z] [15/35] orange-juice-1l: calling gpt-image-1...
[2026-06-01T14:28:19.397Z] [15/35] orange-juice-1l: image received (1439 KB)
[2026-06-01T14:28:19.400Z] [15/35] orange-juice-1l: raw saved → output\raw\orange-juice-1l.png
[2026-06-01T14:28:19.400Z] [15/35] orange-juice-1l: removing background...
[2026-06-01T14:28:19.642Z] [15/35] orange-juice-1l: background removed (1182 KB)
[2026-06-01T14:28:19.656Z] [15/35] orange-juice-1l: processed saved → output\processed\orange-juice-1l.png
[2026-06-01T14:28:19.656Z] [15/35] orange-juice-1l: uploading to Supabase...
[2026-06-01T14:28:22.371Z] [15/35] orange-juice-1l: uploaded → https://czcldqhfshtoypkguist.supabase.co/storage/v1/object/public/product-images/orange-juice-1l.png
[2026-06-01T14:28:22.371Z] [15/35] orange-juice-1l: updating DB (id=null)...
[2026-06-01T14:28:23.069Z] ERROR: orange-juice-1l: DB update failed: invalid input syntax for type uuid: "null"
[2026-06-01T14:28:23.671Z] [16/35] apricot: prompt built
[2026-06-01T14:28:23.672Z] [16/35] apricot: calling gpt-image-1...
[2026-06-01T14:28:53.335Z] [16/35] apricot: image received (1486 KB)
[2026-06-01T14:28:53.339Z] [16/35] apricot: raw saved → output\raw\apricot.png
[2026-06-01T14:28:53.339Z] [16/35] apricot: removing background...
[2026-06-01T14:28:53.567Z] [16/35] apricot: background removed (1440 KB)
[2026-06-01T14:28:53.571Z] [16/35] apricot: processed saved → output\processed\apricot.png
[2026-06-01T14:28:53.571Z] [16/35] apricot: uploading to Supabase...
[2026-06-01T14:28:56.345Z] [16/35] apricot: uploaded → https://czcldqhfshtoypkguist.supabase.co/storage/v1/object/public/product-images/apricot.png
[2026-06-01T14:28:56.345Z] [16/35] apricot: updating DB (id=null)...
[2026-06-01T14:28:57.400Z] ERROR: apricot: DB update failed: invalid input syntax for type uuid: "null"
[2026-06-01T14:28:58.012Z] [17/35] coconut-drink: prompt built
[2026-06-01T14:28:58.013Z] [17/35] coconut-drink: calling gpt-image-1...
[2026-06-01T14:29:32.703Z] [17/35] coconut-drink: image received (1496 KB)
[2026-06-01T14:29:32.707Z] [17/35] coconut-drink: raw saved → output\raw\coconut-drink.png
[2026-06-01T14:29:32.707Z] [17/35] coconut-drink: removing background...
[2026-06-01T14:29:33.010Z] [17/35] coconut-drink: background removed (982 KB)
[2026-06-01T14:29:33.013Z] [17/35] coconut-drink: processed saved → output\processed\coconut-drink.png
[2026-06-01T14:29:33.013Z] [17/35] coconut-drink: uploading to Supabase...
[2026-06-01T14:29:35.687Z] [17/35] coconut-drink: uploaded → https://czcldqhfshtoypkguist.supabase.co/storage/v1/object/public/product-images/coconut-drink.png
[2026-06-01T14:29:35.687Z] [17/35] coconut-drink: updating DB (id=null)...
[2026-06-01T14:29:36.520Z] ERROR: coconut-drink: DB update failed: invalid input syntax for type uuid: "null"
[2026-06-01T14:29:37.131Z] [18/35] sunflower-sprouts: prompt built
[2026-06-01T14:29:37.132Z] [18/35] sunflower-sprouts: calling gpt-image-1...
[2026-06-01T14:30:06.590Z] [18/35] sunflower-sprouts: image received (1376 KB)
[2026-06-01T14:30:06.606Z] [18/35] sunflower-sprouts: raw saved → output\raw\sunflower-sprouts.png
[2026-06-01T14:30:06.607Z] [18/35] sunflower-sprouts: removing background...
[2026-06-01T14:30:06.865Z] [18/35] sunflower-sprouts: background removed (919 KB)
[2026-06-01T14:30:06.868Z] [18/35] sunflower-sprouts: processed saved → output\processed\sunflower-sprouts.png
[2026-06-01T14:30:06.868Z] [18/35] sunflower-sprouts: uploading to Supabase...
[2026-06-01T14:30:09.586Z] [18/35] sunflower-sprouts: uploaded → https://czcldqhfshtoypkguist.supabase.co/storage/v1/object/public/product-images/sunflower-sprouts.png
[2026-06-01T14:30:09.586Z] [18/35] sunflower-sprouts: updating DB (id=null)...
[2026-06-01T14:30:10.430Z] ERROR: sunflower-sprouts: DB update failed: invalid input syntax for type uuid: "null"
[2026-06-01T14:30:11.040Z] [19/35] vacuum-beetroot: prompt built
[2026-06-01T14:30:11.040Z] [19/35] vacuum-beetroot: calling gpt-image-1...
[2026-06-01T14:30:43.306Z] [19/35] vacuum-beetroot: image received (1601 KB)
[2026-06-01T14:30:43.310Z] [19/35] vacuum-beetroot: raw saved → output\raw\vacuum-beetroot.png
[2026-06-01T14:30:43.310Z] [19/35] vacuum-beetroot: removing background...
[2026-06-01T14:30:43.539Z] [19/35] vacuum-beetroot: background removed (1188 KB)
[2026-06-01T14:30:43.541Z] [19/35] vacuum-beetroot: processed saved → output\processed\vacuum-beetroot.png
[2026-06-01T14:30:43.542Z] [19/35] vacuum-beetroot: uploading to Supabase...
[2026-06-01T14:30:47.308Z] [19/35] vacuum-beetroot: uploaded → https://czcldqhfshtoypkguist.supabase.co/storage/v1/object/public/product-images/vacuum-beetroot.png
[2026-06-01T14:30:47.308Z] [19/35] vacuum-beetroot: updating DB (id=null)...
[2026-06-01T14:30:53.336Z] ERROR: vacuum-beetroot: DB update failed: invalid input syntax for type uuid: "null"
[2026-06-01T14:30:53.938Z] [20/35] king-oyster-mushrooms: prompt built
[2026-06-01T14:30:53.939Z] [20/35] king-oyster-mushrooms: calling gpt-image-1...
[2026-06-01T14:31:32.115Z] [20/35] king-oyster-mushrooms: image received (1546 KB)
[2026-06-01T14:31:32.118Z] [20/35] king-oyster-mushrooms: raw saved → output\raw\king-oyster-mushrooms.png
[2026-06-01T14:31:32.118Z] [20/35] king-oyster-mushrooms: removing background...
[2026-06-01T14:31:32.360Z] [20/35] king-oyster-mushrooms: background removed (1322 KB)
[2026-06-01T14:31:32.364Z] [20/35] king-oyster-mushrooms: processed saved → output\processed\king-oyster-mushrooms.png
[2026-06-01T14:31:32.364Z] [20/35] king-oyster-mushrooms: uploading to Supabase...
[2026-06-01T14:31:35.175Z] [20/35] king-oyster-mushrooms: uploaded → https://czcldqhfshtoypkguist.supabase.co/storage/v1/object/public/product-images/king-oyster-mushrooms.png
[2026-06-01T14:31:35.175Z] [20/35] king-oyster-mushrooms: updating DB (id=null)...
[2026-06-01T14:31:38.338Z] ERROR: king-oyster-mushrooms: DB update failed: invalid input syntax for type uuid: "null"
[2026-06-01T14:31:38.952Z] [21/35] shimeji-mushrooms: prompt built
[2026-06-01T14:31:38.952Z] [21/35] shimeji-mushrooms: calling gpt-image-1...
[2026-06-01T14:32:08.120Z] [21/35] shimeji-mushrooms: image received (1350 KB)
[2026-06-01T14:32:08.123Z] [21/35] shimeji-mushrooms: raw saved → output\raw\shimeji-mushrooms.png
[2026-06-01T14:32:08.124Z] [21/35] shimeji-mushrooms: removing background...
[2026-06-01T14:32:08.360Z] [21/35] shimeji-mushrooms: background removed (922 KB)
[2026-06-01T14:32:08.374Z] [21/35] shimeji-mushrooms: processed saved → output\processed\shimeji-mushrooms.png
[2026-06-01T14:32:08.374Z] [21/35] shimeji-mushrooms: uploading to Supabase...
[2026-06-01T14:32:10.957Z] [21/35] shimeji-mushrooms: uploaded → https://czcldqhfshtoypkguist.supabase.co/storage/v1/object/public/product-images/shimeji-mushrooms.png
[2026-06-01T14:32:10.957Z] [21/35] shimeji-mushrooms: updating DB (id=null)...
[2026-06-01T14:32:12.019Z] ERROR: shimeji-mushrooms: DB update failed: invalid input syntax for type uuid: "null"
[2026-06-01T14:32:12.633Z] [22/35] shiitake-mushrooms: prompt built
[2026-06-01T14:32:12.634Z] [22/35] shiitake-mushrooms: calling gpt-image-1...
[2026-06-01T14:32:48.768Z] [22/35] shiitake-mushrooms: image received (1610 KB)
[2026-06-01T14:32:48.771Z] [22/35] shiitake-mushrooms: raw saved → output\raw\shiitake-mushrooms.png
[2026-06-01T14:32:48.771Z] [22/35] shiitake-mushrooms: removing background...
[2026-06-01T14:32:49.076Z] [22/35] shiitake-mushrooms: background removed (1434 KB)
[2026-06-01T14:32:49.082Z] [22/35] shiitake-mushrooms: processed saved → output\processed\shiitake-mushrooms.png
[2026-06-01T14:32:49.082Z] [22/35] shiitake-mushrooms: uploading to Supabase...
[2026-06-01T14:32:51.851Z] [22/35] shiitake-mushrooms: uploaded → https://czcldqhfshtoypkguist.supabase.co/storage/v1/object/public/product-images/shiitake-mushrooms.png
[2026-06-01T14:32:51.851Z] [22/35] shiitake-mushrooms: updating DB (id=null)...
[2026-06-01T14:32:53.930Z] ERROR: shiitake-mushrooms: DB update failed: invalid input syntax for type uuid: "null"
[2026-06-01T14:32:54.544Z] [23/35] thai-chili: prompt built
[2026-06-01T14:32:54.544Z] [23/35] thai-chili: calling gpt-image-1...
[2026-06-01T14:33:25.163Z] [23/35] thai-chili: image received (1421 KB)
[2026-06-01T14:33:25.167Z] [23/35] thai-chili: raw saved → output\raw\thai-chili.png
[2026-06-01T14:33:25.167Z] [23/35] thai-chili: removing background...
[2026-06-01T14:33:25.419Z] [23/35] thai-chili: background removed (908 KB)
[2026-06-01T14:33:25.422Z] [23/35] thai-chili: processed saved → output\processed\thai-chili.png
[2026-06-01T14:33:25.423Z] [23/35] thai-chili: uploading to Supabase...
[2026-06-01T14:33:26.988Z] [23/35] thai-chili: uploaded → https://czcldqhfshtoypkguist.supabase.co/storage/v1/object/public/product-images/thai-chili.png
[2026-06-01T14:33:26.988Z] [23/35] thai-chili: updating DB (id=null)...
[2026-06-01T14:33:28.027Z] ERROR: thai-chili: DB update failed: invalid input syntax for type uuid: "null"
[2026-06-01T14:33:28.628Z] [24/35] pri-free-dried-pineapple-crunchy-snack: prompt built
[2026-06-01T14:33:28.630Z] [24/35] pri-free-dried-pineapple-crunchy-snack: calling gpt-image-1...
[2026-06-01T14:33:57.727Z] [24/35] pri-free-dried-pineapple-crunchy-snack: image received (1661 KB)
[2026-06-01T14:33:57.730Z] [24/35] pri-free-dried-pineapple-crunchy-snack: raw saved → output\raw\pri-free-dried-pineapple-crunchy-snack.png
[2026-06-01T14:33:57.730Z] [24/35] pri-free-dried-pineapple-crunchy-snack: removing background...
[2026-06-01T14:33:58.103Z] [24/35] pri-free-dried-pineapple-crunchy-snack: background removed (1310 KB)
[2026-06-01T14:33:58.108Z] [24/35] pri-free-dried-pineapple-crunchy-snack: processed saved → output\processed\pri-free-dried-pineapple-crunchy-snack.png
[2026-06-01T14:33:58.108Z] [24/35] pri-free-dried-pineapple-crunchy-snack: uploading to Supabase...
[2026-06-01T14:34:01.012Z] [24/35] pri-free-dried-pineapple-crunchy-snack: uploaded → https://czcldqhfshtoypkguist.supabase.co/storage/v1/object/public/product-images/pri-free-dried-pineapple-crunchy-snack.png
[2026-06-01T14:34:01.013Z] [24/35] pri-free-dried-pineapple-crunchy-snack: updating DB (id=null)...
[2026-06-01T14:34:01.954Z] ERROR: pri-free-dried-pineapple-crunchy-snack: DB update failed: invalid input syntax for type uuid: "null"
[2026-06-01T14:34:02.569Z] [25/35] pri-free-dried-mango-crunchy-snack: prompt built
[2026-06-01T14:34:02.569Z] [25/35] pri-free-dried-mango-crunchy-snack: calling gpt-image-1...
[2026-06-01T14:34:33.042Z] [25/35] pri-free-dried-mango-crunchy-snack: image received (1530 KB)
[2026-06-01T14:34:33.045Z] [25/35] pri-free-dried-mango-crunchy-snack: raw saved → output\raw\pri-free-dried-mango-crunchy-snack.png
[2026-06-01T14:34:33.046Z] [25/35] pri-free-dried-mango-crunchy-snack: removing background...
[2026-06-01T14:34:33.275Z] [25/35] pri-free-dried-mango-crunchy-snack: background removed (1084 KB)
[2026-06-01T14:34:33.278Z] [25/35] pri-free-dried-mango-crunchy-snack: processed saved → output\processed\pri-free-dried-mango-crunchy-snack.png
[2026-06-01T14:34:33.278Z] [25/35] pri-free-dried-mango-crunchy-snack: uploading to Supabase...
[2026-06-01T14:34:35.177Z] [25/35] pri-free-dried-mango-crunchy-snack: uploaded → https://czcldqhfshtoypkguist.supabase.co/storage/v1/object/public/product-images/pri-free-dried-mango-crunchy-snack.png
[2026-06-01T14:34:35.177Z] [25/35] pri-free-dried-mango-crunchy-snack: updating DB (id=null)...
[2026-06-01T14:34:35.764Z] ERROR: pri-free-dried-mango-crunchy-snack: DB update failed: invalid input syntax for type uuid: "null"
[2026-06-01T14:34:36.375Z] [26/35] pri-free-dried-apple-crunchy-snack: prompt built
[2026-06-01T14:34:36.376Z] [26/35] pri-free-dried-apple-crunchy-snack: calling gpt-image-1...
[2026-06-01T14:35:07.097Z] [26/35] pri-free-dried-apple-crunchy-snack: image received (1540 KB)
[2026-06-01T14:35:07.101Z] [26/35] pri-free-dried-apple-crunchy-snack: raw saved → output\raw\pri-free-dried-apple-crunchy-snack.png
[2026-06-01T14:35:07.101Z] [26/35] pri-free-dried-apple-crunchy-snack: removing background...
[2026-06-01T14:35:07.459Z] [26/35] pri-free-dried-apple-crunchy-snack: background removed (1248 KB)
[2026-06-01T14:35:07.462Z] [26/35] pri-free-dried-apple-crunchy-snack: processed saved → output\processed\pri-free-dried-apple-crunchy-snack.png
[2026-06-01T14:35:07.463Z] [26/35] pri-free-dried-apple-crunchy-snack: uploading to Supabase...
[2026-06-01T14:35:10.139Z] [26/35] pri-free-dried-apple-crunchy-snack: uploaded → https://czcldqhfshtoypkguist.supabase.co/storage/v1/object/public/product-images/pri-free-dried-apple-crunchy-snack.png
[2026-06-01T14:35:10.139Z] [26/35] pri-free-dried-apple-crunchy-snack: updating DB (id=null)...
[2026-06-01T14:35:10.821Z] ERROR: pri-free-dried-apple-crunchy-snack: DB update failed: invalid input syntax for type uuid: "null"
[2026-06-01T14:35:11.434Z] [27/35] large-eggs-carton: prompt built
[2026-06-01T14:35:11.434Z] [27/35] large-eggs-carton: calling gpt-image-1...
[2026-06-01T14:35:43.478Z] [27/35] large-eggs-carton: image received (1425 KB)
[2026-06-01T14:35:43.482Z] [27/35] large-eggs-carton: raw saved → output\raw\large-eggs-carton.png
[2026-06-01T14:35:43.482Z] [27/35] large-eggs-carton: removing background...
[2026-06-01T14:35:43.732Z] [27/35] large-eggs-carton: background removed (1244 KB)
[2026-06-01T14:35:43.746Z] [27/35] large-eggs-carton: processed saved → output\processed\large-eggs-carton.png
[2026-06-01T14:35:43.747Z] [27/35] large-eggs-carton: uploading to Supabase...
[2026-06-01T14:35:45.905Z] [27/35] large-eggs-carton: uploaded → https://czcldqhfshtoypkguist.supabase.co/storage/v1/object/public/product-images/large-eggs-carton.png
[2026-06-01T14:35:45.906Z] [27/35] large-eggs-carton: updating DB (id=null)...
[2026-06-01T14:35:46.737Z] ERROR: large-eggs-carton: DB update failed: invalid input syntax for type uuid: "null"
[2026-06-01T14:35:47.346Z] [28/35] pearl-garlic: prompt built
[2026-06-01T14:35:47.346Z] [28/35] pearl-garlic: calling gpt-image-1...
[2026-06-01T14:36:16.344Z] [28/35] pearl-garlic: image received (1386 KB)
[2026-06-01T14:36:16.347Z] [28/35] pearl-garlic: raw saved → output\raw\pearl-garlic.png
[2026-06-01T14:36:16.347Z] [28/35] pearl-garlic: removing background...
[2026-06-01T14:36:16.617Z] [28/35] pearl-garlic: background removed (704 KB)
[2026-06-01T14:36:16.619Z] [28/35] pearl-garlic: processed saved → output\processed\pearl-garlic.png
[2026-06-01T14:36:16.620Z] [28/35] pearl-garlic: uploading to Supabase...
[2026-06-01T14:36:19.013Z] [28/35] pearl-garlic: uploaded → https://czcldqhfshtoypkguist.supabase.co/storage/v1/object/public/product-images/pearl-garlic.png
[2026-06-01T14:36:19.013Z] [28/35] pearl-garlic: updating DB (id=null)...
[2026-06-01T14:36:19.555Z] ERROR: pearl-garlic: DB update failed: invalid input syntax for type uuid: "null"
[2026-06-01T14:36:20.160Z] [29/35] metley-plum: prompt built
[2026-06-01T14:36:20.162Z] [29/35] metley-plum: calling gpt-image-1...
[2026-06-01T14:36:52.625Z] [29/35] metley-plum: image received (1456 KB)
[2026-06-01T14:36:52.629Z] [29/35] metley-plum: raw saved → output\raw\metley-plum.png
[2026-06-01T14:36:52.630Z] [29/35] metley-plum: removing background...
[2026-06-01T14:36:52.882Z] [29/35] metley-plum: background removed (1426 KB)
[2026-06-01T14:36:52.885Z] [29/35] metley-plum: processed saved → output\processed\metley-plum.png
[2026-06-01T14:36:52.885Z] [29/35] metley-plum: uploading to Supabase...
[2026-06-01T14:36:56.202Z] [29/35] metley-plum: uploaded → https://czcldqhfshtoypkguist.supabase.co/storage/v1/object/public/product-images/metley-plum.png
[2026-06-01T14:36:56.202Z] [29/35] metley-plum: updating DB (id=null)...
[2026-06-01T14:36:56.996Z] ERROR: metley-plum: DB update failed: invalid input syntax for type uuid: "null"
[2026-06-01T14:36:57.601Z] [30/35] baby-potatoes-bag: prompt built
[2026-06-01T14:36:57.602Z] [30/35] baby-potatoes-bag: calling gpt-image-1...
[2026-06-01T14:37:29.301Z] [30/35] baby-potatoes-bag: image received (1457 KB)
[2026-06-01T14:37:29.305Z] [30/35] baby-potatoes-bag: raw saved → output\raw\baby-potatoes-bag.png
[2026-06-01T14:37:29.305Z] [30/35] baby-potatoes-bag: removing background...
[2026-06-01T14:37:29.559Z] [30/35] baby-potatoes-bag: background removed (1326 KB)
[2026-06-01T14:37:29.562Z] [30/35] baby-potatoes-bag: processed saved → output\processed\baby-potatoes-bag.png
[2026-06-01T14:37:29.562Z] [30/35] baby-potatoes-bag: uploading to Supabase...
[2026-06-01T14:37:31.188Z] [30/35] baby-potatoes-bag: uploaded → https://czcldqhfshtoypkguist.supabase.co/storage/v1/object/public/product-images/baby-potatoes-bag.png
[2026-06-01T14:37:31.189Z] [30/35] baby-potatoes-bag: updating DB (id=null)...
[2026-06-01T14:37:31.904Z] ERROR: baby-potatoes-bag: DB update failed: invalid input syntax for type uuid: "null"
[2026-06-01T14:37:32.514Z] [31/35] gourmet-red-potatoes-bag: prompt built
[2026-06-01T14:37:32.514Z] [31/35] gourmet-red-potatoes-bag: calling gpt-image-1...
[2026-06-01T14:38:00.392Z] [31/35] gourmet-red-potatoes-bag: image received (1575 KB)
[2026-06-01T14:38:00.395Z] [31/35] gourmet-red-potatoes-bag: raw saved → output\raw\gourmet-red-potatoes-bag.png
[2026-06-01T14:38:00.395Z] [31/35] gourmet-red-potatoes-bag: removing background...
[2026-06-01T14:38:00.623Z] [31/35] gourmet-red-potatoes-bag: background removed (1150 KB)
[2026-06-01T14:38:00.626Z] [31/35] gourmet-red-potatoes-bag: processed saved → output\processed\gourmet-red-potatoes-bag.png
[2026-06-01T14:38:00.626Z] [31/35] gourmet-red-potatoes-bag: uploading to Supabase...
[2026-06-01T14:38:02.038Z] [31/35] gourmet-red-potatoes-bag: uploaded → https://czcldqhfshtoypkguist.supabase.co/storage/v1/object/public/product-images/gourmet-red-potatoes-bag.png
[2026-06-01T14:38:02.038Z] [31/35] gourmet-red-potatoes-bag: updating DB (id=null)...
[2026-06-01T14:38:02.821Z] ERROR: gourmet-red-potatoes-bag: DB update failed: invalid input syntax for type uuid: "null"
[2026-06-01T14:38:03.424Z] [32/35] gourmet-white-potatoes-bag: prompt built
[2026-06-01T14:38:03.424Z] [32/35] gourmet-white-potatoes-bag: calling gpt-image-1...
[2026-06-01T14:38:36.862Z] [32/35] gourmet-white-potatoes-bag: image received (1337 KB)
[2026-06-01T14:38:36.867Z] [32/35] gourmet-white-potatoes-bag: raw saved → output\raw\gourmet-white-potatoes-bag.png
[2026-06-01T14:38:36.867Z] [32/35] gourmet-white-potatoes-bag: removing background...
[2026-06-01T14:38:37.504Z] [32/35] gourmet-white-potatoes-bag: background removed (1046 KB)
[2026-06-01T14:38:37.517Z] [32/35] gourmet-white-potatoes-bag: processed saved → output\processed\gourmet-white-potatoes-bag.png
[2026-06-01T14:38:37.525Z] [32/35] gourmet-white-potatoes-bag: uploading to Supabase...
[2026-06-01T14:38:40.562Z] [32/35] gourmet-white-potatoes-bag: uploaded → https://czcldqhfshtoypkguist.supabase.co/storage/v1/object/public/product-images/gourmet-white-potatoes-bag.png
[2026-06-01T14:38:40.721Z] [32/35] gourmet-white-potatoes-bag: updating DB (id=null)...
[2026-06-01T14:38:41.625Z] ERROR: gourmet-white-potatoes-bag: DB update failed: invalid input syntax for type uuid: "null"
[2026-06-01T14:38:42.240Z] [33/35] pakistani-mulberry: prompt built
[2026-06-01T14:38:42.240Z] [33/35] pakistani-mulberry: calling gpt-image-1...
[2026-06-01T14:39:14.773Z] [33/35] pakistani-mulberry: image received (1457 KB)
[2026-06-01T14:39:14.778Z] [33/35] pakistani-mulberry: raw saved → output\raw\pakistani-mulberry.png
[2026-06-01T14:39:14.781Z] [33/35] pakistani-mulberry: removing background...
[2026-06-01T14:39:15.169Z] [33/35] pakistani-mulberry: background removed (1039 KB)
[2026-06-01T14:39:15.173Z] [33/35] pakistani-mulberry: processed saved → output\processed\pakistani-mulberry.png
[2026-06-01T14:39:15.173Z] [33/35] pakistani-mulberry: uploading to Supabase...
[2026-06-01T14:39:16.522Z] [33/35] pakistani-mulberry: uploaded → https://czcldqhfshtoypkguist.supabase.co/storage/v1/object/public/product-images/pakistani-mulberry.png
[2026-06-01T14:39:16.522Z] [33/35] pakistani-mulberry: updating DB (id=null)...
[2026-06-01T14:39:17.304Z] ERROR: pakistani-mulberry: DB update failed: invalid input syntax for type uuid: "null"
[2026-06-01T14:39:17.906Z] [34/35] mini-cucumber: prompt built
[2026-06-01T14:39:17.906Z] [34/35] mini-cucumber: calling gpt-image-1...
[2026-06-01T14:39:48.198Z] [34/35] mini-cucumber: image received (1480 KB)
[2026-06-01T14:39:48.202Z] [34/35] mini-cucumber: raw saved → output\raw\mini-cucumber.png
[2026-06-01T14:39:48.202Z] [34/35] mini-cucumber: removing background...
[2026-06-01T14:39:48.523Z] [34/35] mini-cucumber: background removed (1105 KB)
[2026-06-01T14:39:48.528Z] [34/35] mini-cucumber: processed saved → output\processed\mini-cucumber.png
[2026-06-01T14:39:48.528Z] [34/35] mini-cucumber: uploading to Supabase...
[2026-06-01T14:39:51.117Z] [34/35] mini-cucumber: uploaded → https://czcldqhfshtoypkguist.supabase.co/storage/v1/object/public/product-images/mini-cucumber.png
[2026-06-01T14:39:51.117Z] [34/35] mini-cucumber: updating DB (id=null)...
[2026-06-01T14:39:51.956Z] ERROR: mini-cucumber: DB update failed: invalid input syntax for type uuid: "null"
[2026-06-01T14:39:52.564Z] [35/35] mini-sweet-peppers: prompt built
[2026-06-01T14:39:52.564Z] [35/35] mini-sweet-peppers: calling gpt-image-1...
[2026-06-01T14:40:24.536Z] [35/35] mini-sweet-peppers: image received (1367 KB)
[2026-06-01T14:40:24.540Z] [35/35] mini-sweet-peppers: raw saved → output\raw\mini-sweet-peppers.png
[2026-06-01T14:40:24.541Z] [35/35] mini-sweet-peppers: removing background...
[2026-06-01T14:40:24.948Z] [35/35] mini-sweet-peppers: background removed (1192 KB)
[2026-06-01T14:40:24.951Z] [35/35] mini-sweet-peppers: processed saved → output\processed\mini-sweet-peppers.png
[2026-06-01T14:40:24.951Z] [35/35] mini-sweet-peppers: uploading to Supabase...
[2026-06-01T14:40:28.490Z] [35/35] mini-sweet-peppers: uploaded → https://czcldqhfshtoypkguist.supabase.co/storage/v1/object/public/product-images/mini-sweet-peppers.png
[2026-06-01T14:40:28.490Z] [35/35] mini-sweet-peppers: updating DB (id=null)...
[2026-06-01T14:40:29.100Z] ERROR: mini-sweet-peppers: DB update failed: invalid input syntax for type uuid: "null"
[2026-06-01T14:40:29.105Z] ─────────────────────────────────────────────────────
[2026-06-01T14:40:29.106Z] Done. 0 succeeded, 35 failed.
[2026-06-01T14:40:29.106Z] Failed: caesar-hearts-lettuce, lalik-lettuce, alfalfa-sprouts, spinach-leaves, parsley-root, black-radish, radish, papaya, white-endive, zucchini, caesar-hearts-lettuce-mehadrin, arabic-lettuce-mehadrin, purple-cabbage-mehadrin, cherry-pack, orange-juice-1l, apricot, coconut-drink, sunflower-sprouts, vacuum-beetroot, king-oyster-mushrooms, shimeji-mushrooms, shiitake-mushrooms, thai-chili, pri-free-dried-pineapple-crunchy-snack, pri-free-dried-mango-crunchy-snack, pri-free-dried-apple-crunchy-snack, large-eggs-carton, pearl-garlic, metley-plum, baby-potatoes-bag, gourmet-red-potatoes-bag, gourmet-white-potatoes-bag, pakistani-mulberry, mini-cucumber, mini-sweet-peppers
[2026-06-01T14:40:29.107Z] Details: output/failed-products.json
